// Jest Snapshot v1, https://goo.gl/fbAQLP

exports[`test mue 1`] = `
Object {
  "_cacheQL": Object {
    "1": Array [
      Object {
        "id": 1,
        "mott": "easy miniapp",
        "name": "mue",
      },
      undefined,
      "mue-easy miniapp",
    ],
  },
  "computeQL": [Function],
  "data": Object {
    "list": Array [
      Object {
        "id": 1,
        "mott": "easy miniapp",
        "name": "mue",
      },
    ],
    "pageList": Array [],
    "rx": Object {
      "hello": "mue-easy miniapp",
    },
  },
  "dev": false,
  "effect": Array [
    [Function],
  ],
  "fetchData": [Function],
  "getter": Object {
    "hello": QueryLang {
      "id": 1,
      "lang": Array [
        Array [
          "list",
          0,
        ],
        [Function],
      ],
      "name": "helloQL",
    },
  },
  "initData": [Function],
  "onPullDownRefresh": [Function],
  "onReachBottom": [Function],
  "pageNum": 0,
  "pageSize": 20,
  "parseEL": [Function],
  "processEL": [Function],
  "refreshFetchData": [Function],
  "sayHello": [Function],
  "sayWorld": [Function],
  "setState": [Function],
  "spliceState": [Function],
}
`;
