// Jest Snapshot v1, https://goo.gl/fbAQLP

exports[`test setData and spliceData 1`] = `
"
//test mixin
const TabMixin = Mixin({
  data: {
    tabIndex: 0
  },

  onHandleTabIndex(tabIndex) {
    this.setState({
      tabIndex
    });
    this.spliceState({});
  }
});

//test plain javascript object
const pojo = {
  data: {
    test: 0
  },

  sayHello() {
    this.setData({});
    this.$spliceData({});
  }
};

//test mue object
Mue({
  data: {
    list: []
  },

  sayHello() {
    this.setState({});
    this.spliceState({});
  }
});

Action({
  sayHello() {
    this.setState({});
    this.spliceState({});
  }
});"
`;
